C51 COMPILER V9.60.0.0   BOOTLOADER                                                        05/31/2022 01:10:24 PAGE 1   


C51 COMPILER V9.60.0.0, COMPILATION OF MODULE BOOTLOADER
OBJECT MODULE PLACED IN .\Objects\bootloader.obj
COMPILER INVOKED BY: C:\Keil_v5\C51\BIN\C51.EXE bootloader.c OPTIMIZE(8,SPEED) BROWSE DEBUG OBJECTEXTEND PRINT(.\Listing
                    -s\bootloader.lst) TABS(2) OBJECT(.\Objects\bootloader.obj)

line level    source

   1          #include <reg52.h>
   2          #include "bootloader.h"
*** WARNING C318 IN LINE 2 OF bootloader.c: can't open file 'bootloader.h'
   3          #include "uart_stc89c52rc.h"
   4          #include "test.h"
   5          #include "delay.h"
   6          
   7          #define APP_START_ADDR 0x0a00
   8          
   9          int main()
  10          {
  11   1        Uart_RT_Init();
  12   1        test_printf(0,"bootloader start!\r\n");
  13   1        
  14   1        ((void (code *) (void)) APP_START_ADDR)();
  15   1      }
*** WARNING C290 IN LINE 15 OF bootloader.c: missing return value


MODULE INFORMATION:   STATIC OVERLAYABLE
   CODE SIZE        =     17    ----
   CONSTANT SIZE    =     20    ----
   XDATA SIZE       =   ----    ----
   PDATA SIZE       =   ----    ----
   DATA SIZE        =   ----    ----
   IDATA SIZE       =   ----    ----
   BIT SIZE         =   ----    ----
END OF MODULE INFORMATION.


C51 COMPILATION COMPLETE.  2 WARNING(S),  0 ERROR(S)
