BL51 BANKED LINKER/LOCATER V6.22.2.0                                                    05/31/2022  01:12:14  PAGE 1


BL51 BANKED LINKER/LOCATER V6.22.2.0, INVOKED BY:
C:\KEIL_V5\C51\BIN\BL51.EXE .\Objects\main.obj, .\Objects\delay.obj, .\Objects\uart_stc89c52rc.obj, .\Objects\iap_eeprom
>> .obj, .\Objects\test.obj, .\Objects\STARTUP.obj TO .\Objects\test_IAP_Eeprom PRINT (.\Listings\test_IAP_Eeprom.m51) R
>> AMSIZE (256) CODE (0X0A00-0X1FFF)


MEMORY MODEL: SMALL


INPUT MODULES INCLUDED:
  .\Objects\main.obj (MAIN)
  .\Objects\delay.obj (DELAY)
  .\Objects\uart_stc89c52rc.obj (UART_STC89C52RC)
  .\Objects\iap_eeprom.obj (IAP_EEPROM)
  .\Objects\test.obj (TEST)
  .\Objects\STARTUP.obj (?C_STARTUP)
  C:\KEIL_V5\C51\LIB\C51S.LIB (?C?CLDOPTR)
  C:\KEIL_V5\C51\LIB\C51S.LIB (STRLEN)
  C:\KEIL_V5\C51\LIB\C51S.LIB (VSPRINTF)
  C:\KEIL_V5\C51\LIB\C51S.LIB (?C?CLDPTR)
  C:\KEIL_V5\C51\LIB\C51S.LIB (PRINTF)
  C:\KEIL_V5\C51\LIB\C51S.LIB (?C?CSTPTR)
  C:\KEIL_V5\C51\LIB\C51S.LIB (?C?PLDIIDATA)
  C:\KEIL_V5\C51\LIB\C51S.LIB (?C?CCASE)
  C:\KEIL_V5\C51\LIB\C51S.LIB (PUTCHAR)


LINK MAP OF MODULE:  .\Objects\test_IAP_Eeprom (MAIN)


            TYPE    BASE      LENGTH    RELOCATION   SEGMENT NAME
            -----------------------------------------------------

            * * * * * * *   D A T A   M E M O R Y   * * * * * * *
            REG     0000H     0008H     ABSOLUTE     "REG BANK 0"
                    0008H     0018H                  *** GAP ***
            BIT     0020H.0   0001H.1   UNIT         _BIT_GROUP_
                    0021H.1   0000H.7                *** GAP ***
            DATA    0022H     005DH     UNIT         _DATA_GROUP_
            IDATA   007FH     0001H     UNIT         ?STACK

            * * * * * * *   C O D E   M E M O R Y   * * * * * * *
                    0000H     0A00H                  *** GAP ***
            CODE    0A00H     0003H     ABSOLUTE     
            CODE    0A03H     035CH     UNIT         ?PR?PRINTF?PRINTF
            CODE    0D5FH     00FBH     UNIT         ?PR?TEST_IAPEEPROMFUNCTION?IAP_EEPROM
            CODE    0E5AH     008EH     UNIT         ?C?LIB_CODE
            CODE    0EE8H     007CH     UNIT         ?CO?IAP_EEPROM
            CODE    0F64H     0049H     UNIT         ?PR?_TEST_PRINTF?TEST
            CODE    0FADH     002EH     UNIT         ?PR?_VSPRINTF?VSPRINTF
            CODE    0FDBH     0027H     UNIT         ?PR?PUTCHAR?PUTCHAR
            CODE    1002H     0025H     UNIT         ?PR?MAIN?MAIN
            CODE    1027H     0025H     UNIT         ?CO?MAIN
            CODE    104CH     0023H     UNIT         ?PR?_SENDUARTMULTIBYTES?UART_STC89C52RC
            CODE    106FH     0021H     UNIT         ?PR?_DELAY_1MS?DELAY
            CODE    1090H     001FH     UNIT         ?PR?_IAPREADBYTE?IAP_EEPROM
            CODE    10AFH     0015H     UNIT         ?PR?_STRLEN?STRLEN
            CODE    10C4H     0014H     UNIT         ?PR?UART_RT_INIT?UART_STC89C52RC
BL51 BANKED LINKER/LOCATER V6.22.2.0                                                  05/31/2022  01:12:14  PAGE 2


            CODE    10D8H     0014H     UNIT         ?PR?_IAPPROGRAMBYTE?IAP_EEPROM
            CODE    10ECH     0014H     UNIT         ?PR?_IAPERASESECTOR?IAP_EEPROM
            CODE    1100H     000DH     UNIT         ?PR?IAPIDLE?IAP_EEPROM
            CODE    110DH     000CH     UNIT         ?C_C51STARTUP
            CODE    1119H     0008H     UNIT         ?PR?_SENDUARTONEBYTE?UART_STC89C52RC



OVERLAY MAP OF MODULE:   .\Objects\test_IAP_Eeprom (MAIN)


SEGMENT                                            BIT_GROUP          DATA_GROUP 
  +--> CALLED SEGMENT                           START    LENGTH     START    LENGTH
-----------------------------------------------------------------------------------
?C_C51STARTUP                                   -----    -----      -----    -----
  +--> ?PR?MAIN?MAIN

?PR?MAIN?MAIN                                   -----    -----      -----    -----
  +--> ?PR?UART_RT_INIT?UART_STC89C52RC
  +--> ?CO?MAIN
  +--> ?PR?_SENDUARTMULTIBYTES?UART_STC89C52RC
  +--> ?PR?_TEST_PRINTF?TEST
  +--> ?PR?TEST_IAPEEPROMFUNCTION?IAP_EEPROM
  +--> ?PR?_DELAY_1MS?DELAY

?PR?_SENDUARTMULTIBYTES?UART_STC89C52RC         -----    -----      0065H    0003H
  +--> ?PR?_SENDUARTONEBYTE?UART_STC89C52RC

?PR?_TEST_PRINTF?TEST                           -----    -----      0026H    003FH
  +--> ?PR?_VSPRINTF?VSPRINTF
  +--> ?PR?_STRLEN?STRLEN
  +--> ?PR?_SENDUARTMULTIBYTES?UART_STC89C52RC

?PR?_VSPRINTF?VSPRINTF                          -----    -----      0065H    0006H
  +--> ?PR?PRINTF?PRINTF

?PR?PRINTF?PRINTF                               0020H.0  0001H.1    006BH    0014H
  +--> ?PR?PUTCHAR?PUTCHAR

?PR?TEST_IAPEEPROMFUNCTION?IAP_EEPROM           -----    -----      0022H    0004H
  +--> ?PR?_DELAY_1MS?DELAY
  +--> ?PR?_IAPERASESECTOR?IAP_EEPROM
  +--> ?CO?IAP_EEPROM
  +--> ?PR?_TEST_PRINTF?TEST
  +--> ?PR?_IAPREADBYTE?IAP_EEPROM
  +--> ?PR?_IAPPROGRAMBYTE?IAP_EEPROM

?PR?_IAPERASESECTOR?IAP_EEPROM                  -----    -----      -----    -----
  +--> ?PR?IAPIDLE?IAP_EEPROM

?PR?_IAPREADBYTE?IAP_EEPROM                     -----    -----      -----    -----
  +--> ?PR?IAPIDLE?IAP_EEPROM



SYMBOL TABLE OF MODULE:  .\Objects\test_IAP_Eeprom (MAIN)

BL51 BANKED LINKER/LOCATER V6.22.2.0                                                  05/31/2022  01:12:14  PAGE 3


  VALUE           TYPE          NAME
  ----------------------------------

  -------         MODULE        MAIN
  C:0000H         SYMBOL        _ICE_DUMMY_
  D:0090H         PUBLIC        P1
  D:00B0H         PUBLIC        P3
  D:00A8H         PUBLIC        IE
  D:00B8H         PUBLIC        IP
  C:1002H         PUBLIC        main
  D:0098H         PUBLIC        SCON
  D:0088H         PUBLIC        TCON
  D:00C8H         PUBLIC        T2CON
  D:00D0H         PUBLIC        PSW
  -------         PROC          MAIN
  C:1002H         LINE#         14
  C:1002H         LINE#         15
  C:1002H         LINE#         16
  C:1005H         LINE#         17
  C:1010H         LINE#         18
  C:101BH         LINE#         21
  C:101EH         LINE#         24
  C:101EH         LINE#         25
  C:101EH         LINE#         26
  C:1025H         LINE#         29
  -------         ENDPROC       MAIN
  -------         ENDMOD        MAIN

  -------         MODULE        DELAY
  C:0000H         SYMBOL        _ICE_DUMMY_
  C:106FH         PUBLIC        _delay_1ms
  -------         PROC          _DELAY_1MS
  D:0006H         SYMBOL        i
  -------         DO            
  D:0004H         SYMBOL        j
  -------         ENDDO         
  C:106FH         LINE#         3
  C:106FH         LINE#         4
  C:106FH         LINE#         6
  C:107AH         LINE#         7
  C:107AH         LINE#         8
  C:107DH         LINE#         9
  C:1088H         LINE#         10
  C:108FH         LINE#         11
  -------         ENDPROC       _DELAY_1MS
  -------         ENDMOD        DELAY

  -------         MODULE        UART_STC89C52RC
  C:0000H         SYMBOL        _ICE_DUMMY_
  D:0090H         PUBLIC        P1
  D:00B0H         PUBLIC        P3
  D:00A8H         PUBLIC        IE
  B:00A8H.4       PUBLIC        ES
  D:00B8H         PUBLIC        IP
  C:10C4H         PUBLIC        Uart_RT_Init
  B:0098H.1       PUBLIC        TI
  D:0099H         PUBLIC        SBUF
BL51 BANKED LINKER/LOCATER V6.22.2.0                                                  05/31/2022  01:12:14  PAGE 4


  D:0098H         PUBLIC        SCON
  D:0089H         PUBLIC        TMOD
  D:0088H         PUBLIC        TCON
  C:104CH         PUBLIC        _SendUartMultiBytes
  D:008DH         PUBLIC        TH1
  D:008BH         PUBLIC        TL1
  B:0088H.6       PUBLIC        TR1
  C:1119H         PUBLIC        _SendUartOneByte
  D:00C8H         PUBLIC        T2CON
  D:00D0H         PUBLIC        PSW
  -------         PROC          UART_RT_INIT
  C:10C4H         LINE#         12
  C:10C4H         LINE#         13
  C:10C4H         LINE#         15
  C:10C7H         LINE#         16
  C:10CAH         LINE#         17
  C:10CDH         LINE#         20
  C:10D0H         LINE#         21
  C:10D3H         LINE#         22
  C:10D5H         LINE#         23
  C:10D7H         LINE#         24
  -------         ENDPROC       UART_RT_INIT
  -------         PROC          _SENDUARTONEBYTE
  D:0007H         SYMBOL        byte_to_send
  C:1119H         LINE#         27
  C:1119H         LINE#         28
  C:1119H         LINE#         30
  C:111BH         LINE#         31
  C:111EH         LINE#         32
  C:1120H         LINE#         33
  -------         ENDPROC       _SENDUARTONEBYTE
  -------         PROC          _SENDUARTMULTIBYTES
  D:0065H         SYMBOL        p_multiBytes
  D:0005H         SYMBOL        len
  -------         DO            
  D:0006H         SYMBOL        i
  -------         ENDDO         
  C:104CH         LINE#         35
  C:1052H         LINE#         36
  C:1052H         LINE#         42
  C:1059H         LINE#         43
  C:1059H         LINE#         44
  C:106BH         LINE#         45
  C:106EH         LINE#         46
  -------         ENDPROC       _SENDUARTMULTIBYTES
  -------         ENDMOD        UART_STC89C52RC

  -------         MODULE        IAP_EEPROM
  C:0000H         SYMBOL        _ICE_DUMMY_
  D:0090H         PUBLIC        P1
  C:10ECH         PUBLIC        _IapEraseSector
  D:00E5H         PUBLIC        IAP_CMD
  C:10D8H         PUBLIC        _IapProgramByte
  C:1100H         PUBLIC        IapIdle
  D:00E3H         PUBLIC        IAP_ADDRH
  D:00E4H         PUBLIC        IAP_ADDRL
  C:1099H         PUBLIC        _IapReadByte
BL51 BANKED LINKER/LOCATER V6.22.2.0                                                  05/31/2022  01:12:14  PAGE 5


  D:00E7H         PUBLIC        IAP_CONTR
  D:00E2H         PUBLIC        IAP_DATA
  C:0D5FH         PUBLIC        Test_IapEepromFunction
  D:00E6H         PUBLIC        IAP_TRIG
  -------         PROC          IAPIDLE
  C:1100H         LINE#         15
  C:1100H         LINE#         16
  C:1100H         LINE#         17
  C:1103H         LINE#         18
  C:1105H         LINE#         19
  C:1107H         LINE#         20
  C:110AH         LINE#         21
  C:110CH         LINE#         22
  -------         ENDPROC       IAPIDLE
  -------         PROC          L?0021
  -------         ENDPROC       L?0021
  -------         PROC          _IAPREADBYTE
  D:0006H         SYMBOL        addr
  -------         DO            
  D:0007H         SYMBOL        dat
  -------         ENDDO         
  C:1099H         LINE#         24
  C:1099H         LINE#         25
  C:1099H         LINE#         28
  C:109CH         LINE#         29
  C:109FH         LINE#         30
  C:10A1H         LINE#         31
  C:10A3H         LINE#         32
  C:10A6H         LINE#         33
  C:10A9H         LINE#         34
  C:10AAH         LINE#         35
  C:10ACH         LINE#         36
  -------         ENDPROC       _IAPREADBYTE
  -------         PROC          _IAPPROGRAMBYTE
  D:0006H         SYMBOL        addr
  D:0005H         SYMBOL        dat
  C:10D8H         LINE#         41
  C:10D8H         LINE#         42
  C:10D8H         LINE#         43
  C:10DBH         LINE#         44
  C:10DEH         LINE#         45
  C:10E0H         LINE#         46
  C:10E2H         LINE#         47
  C:10E4H         LINE#         48
  C:10E7H         LINE#         49
  C:10EAH         LINE#         50
  C:10EBH         LINE#         51
  -------         ENDPROC       _IAPPROGRAMBYTE
  -------         PROC          _IAPERASESECTOR
  D:0006H         SYMBOL        addr
  C:10ECH         LINE#         53
  C:10ECH         LINE#         54
  C:10ECH         LINE#         55
  C:10EFH         LINE#         56
  C:10F2H         LINE#         57
  C:10F4H         LINE#         58
  C:10F6H         LINE#         59
BL51 BANKED LINKER/LOCATER V6.22.2.0                                                  05/31/2022  01:12:14  PAGE 6


  C:10F9H         LINE#         60
  C:10FCH         LINE#         61
  C:10FDH         LINE#         62
  -------         ENDPROC       _IAPERASESECTOR
  -------         PROC          TEST_IAPEEPROMFUNCTION
  -------         DO            
  D:0022H         SYMBOL        i
  D:0024H         SYMBOL        tmp
  -------         ENDDO         
  C:0D5FH         LINE#         65
  C:0D5FH         LINE#         66
  C:0D5FH         LINE#         69
  C:0D62H         LINE#         70
  C:0D69H         LINE#         72
  C:0D70H         LINE#         73
  C:0D7AH         LINE#         74
  C:0D81H         LINE#         75
  C:0D86H         LINE#         76
  C:0D86H         LINE#         77
  C:0D8EH         LINE#         78
  C:0D95H         LINE#         79
  C:0D95H         LINE#         80
  C:0DACH         LINE#         81
  C:0DAEH         LINE#         82
  C:0DAEH         LINE#         83
  C:0DBDH         LINE#         85
  C:0DC4H         LINE#         86
  C:0DC9H         LINE#         87
  C:0DC9H         LINE#         88
  C:0DDAH         LINE#         89
  C:0DE9H         LINE#         92
  C:0DF0H         LINE#         93
  C:0DF5H         LINE#         94
  C:0DF5H         LINE#         95
  C:0DFDH         LINE#         96
  C:0E14H         LINE#         97
  C:0E1BH         LINE#         98
  C:0E27H         LINE#         99
  C:0E27H         LINE#         100
  C:0E3EH         LINE#         101
  C:0E40H         LINE#         102
  C:0E40H         LINE#         103
  C:0E4FH         LINE#         105
  -------         ENDPROC       TEST_IAPEEPROMFUNCTION
  -------         ENDMOD        IAP_EEPROM

  -------         MODULE        TEST
  C:0000H         SYMBOL        _ICE_DUMMY_
  C:0F64H         PUBLIC        _test_printf
  -------         PROC          _TEST_PRINTF
  D:0026H         SYMBOL        printFlags
  D:0027H         SYMBOL        fmt
  -------         DO            
  D:002AH         SYMBOL        ellipsis_15
  D:0039H         SYMBOL        args
  D:003CH         SYMBOL        length
  D:003DH         SYMBOL        buf
BL51 BANKED LINKER/LOCATER V6.22.2.0                                                  05/31/2022  01:12:14  PAGE 7


  -------         ENDDO         
  C:0F64H         LINE#         6
  C:0F6CH         LINE#         7
  C:0F6CH         LINE#         12
  C:0F75H         LINE#         13
  C:0F8FH         LINE#         16
  C:0FA3H         LINE#         18
  C:0FACH         LINE#         19
  -------         ENDPROC       _TEST_PRINTF
  -------         ENDMOD        TEST

  -------         MODULE        ?C_STARTUP
  C:110DH         SEGMENT       ?C_C51STARTUP
  I:007FH         SEGMENT       ?STACK
  C:0A00H         PUBLIC        ?C_STARTUP
  D:00E0H         SYMBOL        ACC
  D:00F0H         SYMBOL        B
  D:0083H         SYMBOL        DPH
  D:0082H         SYMBOL        DPL
  N:0000H         SYMBOL        IBPSTACK
  N:0100H         SYMBOL        IBPSTACKTOP
  N:0080H         SYMBOL        IDATALEN
  C:1110H         SYMBOL        IDATALOOP
  N:0000H         SYMBOL        PBPSTACK
  N:0100H         SYMBOL        PBPSTACKTOP
  N:0000H         SYMBOL        PDATALEN
  N:0000H         SYMBOL        PDATASTART
  N:0000H         SYMBOL        PPAGE
  N:0000H         SYMBOL        PPAGEENABLE
  D:00A0H         SYMBOL        PPAGE_SFR
  D:0081H         SYMBOL        SP
  C:110DH         SYMBOL        STARTUP1
  N:0000H         SYMBOL        XBPSTACK
  N:0000H         SYMBOL        XBPSTACKTOP
  N:0000H         SYMBOL        XDATALEN
  N:0000H         SYMBOL        XDATASTART
  C:0A00H         LINE#         126
  C:110DH         LINE#         133
  C:110FH         LINE#         134
  C:1110H         LINE#         135
  C:1111H         LINE#         136
  C:1113H         LINE#         185
  C:1116H         LINE#         196
  -------         ENDMOD        ?C_STARTUP

  -------         MODULE        ?C?CLDOPTR
  C:0E5AH         PUBLIC        ?C?CLDOPTR
  -------         ENDMOD        ?C?CLDOPTR

  -------         MODULE        STRLEN
  C:10AFH         PUBLIC        _STRLEN
  -------         ENDMOD        STRLEN

  -------         MODULE        VSPRINTF
  D:0062H         PUBLIC        ?_VSPRINTF?BYTE
  C:0FADH         PUBLIC        _VSPRINTF
  -------         ENDMOD        VSPRINTF
BL51 BANKED LINKER/LOCATER V6.22.2.0                                                  05/31/2022  01:12:14  PAGE 8



  -------         MODULE        ?C?CLDPTR
  C:0E87H         PUBLIC        ?C?CLDPTR
  -------         ENDMOD        ?C?CLDPTR

  -------         MODULE        PRINTF
  D:006BH         PUBLIC        ?_PRINTF517?BYTE
  D:006BH         PUBLIC        ?_PRINTF?BYTE
  D:006BH         PUBLIC        ?_SPRINTF517?BYTE
  D:006BH         PUBLIC        ?_SPRINTF?BYTE
  C:0A65H         PUBLIC        _PRINTF
  C:0A65H         PUBLIC        _PRINTF517
  C:0A5FH         PUBLIC        _SPRINTF
  C:0A5FH         PUBLIC        _SPRINTF517
  -------         ENDMOD        PRINTF

  -------         MODULE        ?C?CSTPTR
  C:0EA0H         PUBLIC        ?C?CSTPTR
  -------         ENDMOD        ?C?CSTPTR

  -------         MODULE        ?C?PLDIIDATA
  C:0EB2H         PUBLIC        ?C?PLDIIDATA
  -------         ENDMOD        ?C?PLDIIDATA

  -------         MODULE        ?C?CCASE
  C:0EC2H         PUBLIC        ?C?CCASE
  -------         ENDMOD        ?C?CCASE

  -------         MODULE        PUTCHAR
  C:0FDBH         PUBLIC        _PUTCHAR
  -------         ENDMOD        PUTCHAR

Program Size: data=103.1 xdata=0 code=1825
LINK/LOCATE RUN COMPLETE.  0 WARNING(S),  0 ERROR(S)
